---
source: nexrad-decode/src/messages/rda_status_data/snapshot_test.rs
assertion_line: 17
expression: "messages[0]"
---
Message {
    header: MessageHeader {
        rpg_unknown: BinaryData {
            len: 12,
            sha256: "15ec7bf0b50732b49f8228e07d24365338f9e3ab994b00af08e5a3bffe55fd8b",
            head: [
                0,
                0,
                0,
                0,
            ],
            tail: [
                0,
                0,
                0,
                0,
            ],
        },
        segment_size: 68,
        redundant_channel: 8,
        message_type: 2,
        sequence_number: 4106,
        date: 19057,
        time: 84205394,
        segment_count: 1,
        segment_number: 1,
    },
    contents: RDAStatusData(
        Message {
            rda_status: 16,
            operability_status: 2,
            control_status: 4,
            auxiliary_power_generator_state: 2,
            average_transmitter_power: 1371,
            horizontal_reflectivity_calibration_correction: 15,
            data_transmission_enabled: 28,
            volume_coverage_pattern: 212,
            rda_control_authorization: 0,
            rda_build_number: 2010,
            operational_mode: 4,
            super_resolution_status: 2,
            clutter_mitigation_decision_status: 63,
            rda_scan_and_data_flags: 26,
            rda_alarm_summary: 0,
            command_acknowledgement: 0,
            channel_control_status: 0,
            spot_blanking_status: 0,
            bypass_map_generation_date: 19057,
            bypass_map_generation_time: 1396,
            clutter_filter_map_generation_date: 19056,
            clutter_filter_map_generation_time: 1232,
            vertical_reflectivity_calibration_correction: 24,
            transition_power_source_status: 3,
            rms_control_status: 0,
            performance_check_status: 0,
            alarm_codes: [
                0,
                0,
                0,
                0,
                0,
                0,
                0,
                0,
                0,
                0,
                0,
                0,
                0,
                0,
            ],
            signal_processor_options: 1,
            spares: [
                0,
                0,
                0,
                0,
                0,
                0,
                0,
                0,
                0,
                0,
                0,
                0,
                0,
                0,
                0,
                0,
                0,
                0,
            ],
            status_version: 9,
        },
    ),
    offset: 0,
    size: 2432,
}
