---
source: nexrad-decode/src/messages/digital_radar_data_legacy/snapshot_test.rs
expression: radial
---
Radial {
    collection_timestamp: 1104538053477,
    collection_time: Some(
        2005-01-01T00:07:33.477Z,
    ),
    azimuth_number: 1,
    azimuth_angle_degrees: 21.92871,
    azimuth_angle: 0.3827282,
    azimuth_spacing_degrees: 1.0,
    azimuth_spacing: 0.017453292,
    radial_status: VolumeScanStart,
    elevation_number: 1,
    elevation_angle_degrees: 0.57128906,
    elevation_angle: 0.009970875,
    reflectivity: Some(
        MomentData {
            data_word_size: 8,
            values: [
                BelowThreshold,
                BelowThreshold,
                Value(
                    -14.5,
                ),
                Value(
                    -19.5,
                ),
                Value(
                    -13.5,
                ),
                BelowThreshold,
                BelowThreshold,
                BelowThreshold,
                BelowThreshold,
                BelowThreshold,
                Value(
                    7.0,
                ),
                Value(
                    6.0,
                ),
                BelowThreshold,
                BelowThreshold,
                BelowThreshold,
                BelowThreshold,
                Value(
                    -19.5,
                ),
                BelowThreshold,
                BelowThreshold,
                BelowThreshold,
                BelowThreshold,
                Value(
                    -10.5,
                ),
                Value(
                    -9.5,
                ),
                BelowThreshold,
                BelowThreshold,
                BelowThreshold,
                BelowThreshold,
                BelowThreshold,
                BelowThreshold,
                BelowThreshold,
                BelowThreshold,
                BelowThreshold,
                BelowThreshold,
                BelowThreshold,
                BelowThreshold,
                BelowThreshold,
                BelowThreshold,
                BelowThreshold,
                BelowThreshold,
                BelowThreshold,
                BelowThreshold,
                BelowThreshold,
                BelowThreshold,
                BelowThreshold,
                BelowThreshold,
                BelowThreshold,
                BelowThreshold,
                BelowThreshold,
                BelowThreshold,
                BelowThreshold,
                BelowThreshold,
                BelowThreshold,
                BelowThreshold,
                BelowThreshold,
                BelowThreshold,
                BelowThreshold,
                BelowThreshold,
                BelowThreshold,
                BelowThreshold,
                BelowThreshold,
                BelowThreshold,
                BelowThreshold,
                BelowThreshold,
                BelowThreshold,
                BelowThreshold,
                BelowThreshold,
                BelowThreshold,
                BelowThreshold,
                BelowThreshold,
                BelowThreshold,
                BelowThreshold,
                BelowThreshold,
                BelowThreshold,
                BelowThreshold,
                BelowThreshold,
                BelowThreshold,
                BelowThreshold,
                BelowThreshold,
                BelowThreshold,
                BelowThreshold,
                BelowThreshold,
                BelowThreshold,
                BelowThreshold,
                BelowThreshold,
                BelowThreshold,
                BelowThreshold,
                BelowThreshold,
                BelowThreshold,
                BelowThreshold,
                BelowThreshold,
                BelowThreshold,
                BelowThreshold,
                BelowThreshold,
                BelowThreshold,
                BelowThreshold,
                BelowThreshold,
                BelowThreshold,
                BelowThreshold,
                BelowThreshold,
                BelowThreshold,
                BelowThreshold,
                BelowThreshold,
                BelowThreshold,
                BelowThreshold,
                BelowThreshold,
                BelowThreshold,
                BelowThreshold,
                BelowThreshold,
                BelowThreshold,
                BelowThreshold,
                BelowThreshold,
                BelowThreshold,
                BelowThreshold,
                BelowThreshold,
                BelowThreshold,
                BelowThreshold,
                BelowThreshold,
                BelowThreshold,
                BelowThreshold,
                BelowThreshold,
                BelowThreshold,
                BelowThreshold,
                BelowThreshold,
                BelowThreshold,
                BelowThreshold,
                BelowThreshold,
                BelowThreshold,
                BelowThreshold,
                BelowThreshold,
                BelowThreshold,
                BelowThreshold,
                BelowThreshold,
                BelowThreshold,
                BelowThreshold,
                BelowThreshold,
                BelowThreshold,
                BelowThreshold,
                BelowThreshold,
                BelowThreshold,
                BelowThreshold,
                BelowThreshold,
                BelowThreshold,
                BelowThreshold,
                BelowThreshold,
                BelowThreshold,
                BelowThreshold,
                BelowThreshold,
                BelowThreshold,
                BelowThreshold,
                BelowThreshold,
                BelowThreshold,
                BelowThreshold,
                BelowThreshold,
                BelowThreshold,
                BelowThreshold,
                BelowThreshold,
                BelowThreshold,
                BelowThreshold,
                BelowThreshold,
                BelowThreshold,
                BelowThreshold,
                BelowThreshold,
                BelowThreshold,
                BelowThreshold,
                BelowThreshold,
                BelowThreshold,
                BelowThreshold,
                BelowThreshold,
                BelowThreshold,
                BelowThreshold,
                BelowThreshold,
                BelowThreshold,
                BelowThreshold,
                BelowThreshold,
                BelowThreshold,
                BelowThreshold,
                BelowThreshold,
                BelowThreshold,
                BelowThreshold,
                BelowThreshold,
                BelowThreshold,
                BelowThreshold,
                BelowThreshold,
                BelowThreshold,
                BelowThreshold,
                BelowThreshold,
                BelowThreshold,
                BelowThreshold,
                BelowThreshold,
                BelowThreshold,
                BelowThreshold,
                BelowThreshold,
                BelowThreshold,
                BelowThreshold,
                BelowThreshold,
                BelowThreshold,
                BelowThreshold,
                BelowThreshold,
                BelowThreshold,
                BelowThreshold,
                BelowThreshold,
                BelowThreshold,
                BelowThreshold,
                BelowThreshold,
                BelowThreshold,
                BelowThreshold,
                BelowThreshold,
                BelowThreshold,
                BelowThreshold,
                BelowThreshold,
                BelowThreshold,
                BelowThreshold,
                BelowThreshold,
                BelowThreshold,
                BelowThreshold,
                BelowThreshold,
                BelowThreshold,
                BelowThreshold,
                BelowThreshold,
                BelowThreshold,
                BelowThreshold,
                BelowThreshold,
                BelowThreshold,
                BelowThreshold,
                BelowThreshold,
                BelowThreshold,
                BelowThreshold,
                BelowThreshold,
                BelowThreshold,
                BelowThreshold,
                BelowThreshold,
                BelowThreshold,
                BelowThreshold,
                BelowThreshold,
                BelowThreshold,
                BelowThreshold,
                BelowThreshold,
                BelowThreshold,
                BelowThreshold,
                BelowThreshold,
                BelowThreshold,
                BelowThreshold,
                BelowThreshold,
                BelowThreshold,
                BelowThreshold,
                BelowThreshold,
                BelowThreshold,
                BelowThreshold,
                BelowThreshold,
                BelowThreshold,
                BelowThreshold,
                BelowThreshold,
                BelowThreshold,
                BelowThreshold,
                BelowThreshold,
                BelowThreshold,
                BelowThreshold,
                BelowThreshold,
                BelowThreshold,
                BelowThreshold,
                BelowThreshold,
                BelowThreshold,
                BelowThreshold,
                BelowThreshold,
                BelowThreshold,
                BelowThreshold,
                BelowThreshold,
                BelowThreshold,
                BelowThreshold,
                BelowThreshold,
                BelowThreshold,
                BelowThreshold,
                BelowThreshold,
                BelowThreshold,
                BelowThreshold,
                BelowThreshold,
                BelowThreshold,
                BelowThreshold,
                BelowThreshold,
                BelowThreshold,
                BelowThreshold,
                BelowThreshold,
                BelowThreshold,
                BelowThreshold,
                BelowThreshold,
                BelowThreshold,
                BelowThreshold,
                BelowThreshold,
                BelowThreshold,
                BelowThreshold,
                BelowThreshold,
                BelowThreshold,
                BelowThreshold,
                BelowThreshold,
                BelowThreshold,
                BelowThreshold,
                BelowThreshold,
                BelowThreshold,
                BelowThreshold,
                BelowThreshold,
                BelowThreshold,
                BelowThreshold,
                BelowThreshold,
                BelowThreshold,
                BelowThreshold,
                BelowThreshold,
                BelowThreshold,
                BelowThreshold,
                BelowThreshold,
                BelowThreshold,
                BelowThreshold,
                BelowThreshold,
                BelowThreshold,
                BelowThreshold,
                BelowThreshold,
                BelowThreshold,
                BelowThreshold,
                BelowThreshold,
                BelowThreshold,
                BelowThreshold,
                BelowThreshold,
                BelowThreshold,
                BelowThreshold,
                BelowThreshold,
                BelowThreshold,
                BelowThreshold,
                BelowThreshold,
                BelowThreshold,
                BelowThreshold,
                BelowThreshold,
                BelowThreshold,
                BelowThreshold,
                BelowThreshold,
                BelowThreshold,
                BelowThreshold,
                BelowThreshold,
                BelowThreshold,
                BelowThreshold,
                BelowThreshold,
                BelowThreshold,
                BelowThreshold,
                BelowThreshold,
                BelowThreshold,
                BelowThreshold,
                BelowThreshold,
                BelowThreshold,
                BelowThreshold,
                BelowThreshold,
                BelowThreshold,
                BelowThreshold,
                BelowThreshold,
                BelowThreshold,
                BelowThreshold,
                BelowThreshold,
                BelowThreshold,
                BelowThreshold,
                BelowThreshold,
                BelowThreshold,
                BelowThreshold,
                BelowThreshold,
                BelowThreshold,
                BelowThreshold,
                BelowThreshold,
                BelowThreshold,
                BelowThreshold,
                BelowThreshold,
                BelowThreshold,
                BelowThreshold,
                BelowThreshold,
                BelowThreshold,
                BelowThreshold,
                BelowThreshold,
                BelowThreshold,
                BelowThreshold,
                BelowThreshold,
                BelowThreshold,
                BelowThreshold,
                BelowThreshold,
                BelowThreshold,
                BelowThreshold,
                BelowThreshold,
                BelowThreshold,
                BelowThreshold,
                BelowThreshold,
                BelowThreshold,
                BelowThreshold,
                BelowThreshold,
                BelowThreshold,
                BelowThreshold,
                BelowThreshold,
                BelowThreshold,
                BelowThreshold,
                BelowThreshold,
                BelowThreshold,
                BelowThreshold,
                BelowThreshold,
                BelowThreshold,
                BelowThreshold,
                BelowThreshold,
                BelowThreshold,
                BelowThreshold,
                BelowThreshold,
                BelowThreshold,
                BelowThreshold,
                BelowThreshold,
                BelowThreshold,
                BelowThreshold,
                BelowThreshold,
                BelowThreshold,
                BelowThreshold,
                BelowThreshold,
                BelowThreshold,
                BelowThreshold,
                BelowThreshold,
                BelowThreshold,
                BelowThreshold,
                BelowThreshold,
                BelowThreshold,
                BelowThreshold,
                BelowThreshold,
                BelowThreshold,
                BelowThreshold,
                BelowThreshold,
                BelowThreshold,
                BelowThreshold,
                BelowThreshold,
                BelowThreshold,
                BelowThreshold,
                BelowThreshold,
                BelowThreshold,
                BelowThreshold,
                BelowThreshold,
                BelowThreshold,
                BelowThreshold,
                BelowThreshold,
                BelowThreshold,
                BelowThreshold,
                BelowThreshold,
                BelowThreshold,
                BelowThreshold,
                BelowThreshold,
                BelowThreshold,
                BelowThreshold,
                BelowThreshold,
                BelowThreshold,
                BelowThreshold,
                BelowThreshold,
                BelowThreshold,
                BelowThreshold,
                BelowThreshold,
                BelowThreshold,
                BelowThreshold,
                BelowThreshold,
                BelowThreshold,
                BelowThreshold,
                BelowThreshold,
                BelowThreshold,
                BelowThreshold,
                BelowThreshold,
                BelowThreshold,
            ],
        },
    ),
    velocity: None,
    spectrum_width: None,
    differential_reflectivity: None,
    differential_phase: None,
    correlation_coefficient: None,
    clutter_filter_power: None,
}
