---
source: nexrad-decode/tests/snapshot.rs
expression: volume.header()
---
Ok(
    Header {
        tape_filename: [
            65,
            82,
            50,
            86,
            48,
            48,
            48,
            54,
            46,
        ],
        extension_number: [
            56,
            55,
            57,
        ],
        date: U32(
            19057,
        ),
        time: U32(
            84204299,
        ),
        icao_of_radar: [
            75,
            68,
            77,
            88,
        ],
    },
)
