---
source: nexrad-decode/tests/snapshot.rs
expression: messages
---
- header:
    rpg_unknown: "bytes::<12>::sha256:15ec7bf0b50732b49f8228e07d24365338f9e3ab994b00af08e5a3bffe55fd8b"
    segment_size: 1208
    redundant_channel: 8
    message_type: 15
    sequence_number: 21885
    date: 19056
    time: 73942975
    segment_count: 5
    segment_number: 1
  contents: Other
- header:
    rpg_unknown: "bytes::<12>::sha256:15ec7bf0b50732b49f8228e07d24365338f9e3ab994b00af08e5a3bffe55fd8b"
    segment_size: 1208
    redundant_channel: 8
    message_type: 15
    sequence_number: 21885
    date: 19056
    time: 73942975
    segment_count: 5
    segment_number: 2
  contents: Other
- header:
    rpg_unknown: "bytes::<12>::sha256:15ec7bf0b50732b49f8228e07d24365338f9e3ab994b00af08e5a3bffe55fd8b"
    segment_size: 1208
    redundant_channel: 8
    message_type: 15
    sequence_number: 21885
    date: 19056
    time: 73942975
    segment_count: 5
    segment_number: 3
  contents: Other
- header:
    rpg_unknown: "bytes::<12>::sha256:15ec7bf0b50732b49f8228e07d24365338f9e3ab994b00af08e5a3bffe55fd8b"
    segment_size: 1208
    redundant_channel: 8
    message_type: 15
    sequence_number: 21885
    date: 19056
    time: 73942975
    segment_count: 5
    segment_number: 4
  contents: Other
- header:
    rpg_unknown: "bytes::<12>::sha256:15ec7bf0b50732b49f8228e07d24365338f9e3ab994b00af08e5a3bffe55fd8b"
    segment_size: 611
    redundant_channel: 8
    message_type: 15
    sequence_number: 21885
    date: 19056
    time: 73942975
    segment_count: 5
    segment_number: 5
  contents: Other
- header:
    rpg_unknown: "bytes::<12>::sha256:15ec7bf0b50732b49f8228e07d24365338f9e3ab994b00af08e5a3bffe55fd8b"
    segment_size: 0
    redundant_channel: 0
    message_type: 0
    sequence_number: 0
    date: 0
    time: 0
    segment_count: 0
    segment_number: 0
  contents: Other
- header:
    rpg_unknown: "bytes::<12>::sha256:15ec7bf0b50732b49f8228e07d24365338f9e3ab994b00af08e5a3bffe55fd8b"
    segment_size: 0
    redundant_channel: 0
    message_type: 0
    sequence_number: 0
    date: 0
    time: 0
    segment_count: 0
    segment_number: 0
  contents: Other
- header:
    rpg_unknown: "bytes::<12>::sha256:15ec7bf0b50732b49f8228e07d24365338f9e3ab994b00af08e5a3bffe55fd8b"
    segment_size: 0
    redundant_channel: 0
    message_type: 0
    sequence_number: 0
    date: 0
    time: 0
    segment_count: 0
    segment_number: 0
  contents: Other
- header:
    rpg_unknown: "bytes::<12>::sha256:15ec7bf0b50732b49f8228e07d24365338f9e3ab994b00af08e5a3bffe55fd8b"
    segment_size: 0
    redundant_channel: 0
    message_type: 0
    sequence_number: 0
    date: 0
    time: 0
    segment_count: 0
    segment_number: 0
  contents: Other
- header:
    rpg_unknown: "bytes::<12>::sha256:15ec7bf0b50732b49f8228e07d24365338f9e3ab994b00af08e5a3bffe55fd8b"
    segment_size: 0
    redundant_channel: 0
    message_type: 0
    sequence_number: 0
    date: 0
    time: 0
    segment_count: 0
    segment_number: 0
  contents: Other
- header:
    rpg_unknown: "bytes::<12>::sha256:15ec7bf0b50732b49f8228e07d24365338f9e3ab994b00af08e5a3bffe55fd8b"
    segment_size: 0
    redundant_channel: 0
    message_type: 0
    sequence_number: 0
    date: 0
    time: 0
    segment_count: 0
    segment_number: 0
  contents: Other
- header:
    rpg_unknown: "bytes::<12>::sha256:15ec7bf0b50732b49f8228e07d24365338f9e3ab994b00af08e5a3bffe55fd8b"
    segment_size: 0
    redundant_channel: 0
    message_type: 0
    sequence_number: 0
    date: 0
    time: 0
    segment_count: 0
    segment_number: 0
  contents: Other
- header:
    rpg_unknown: "bytes::<12>::sha256:15ec7bf0b50732b49f8228e07d24365338f9e3ab994b00af08e5a3bffe55fd8b"
    segment_size: 0
    redundant_channel: 0
    message_type: 0
    sequence_number: 0
    date: 0
    time: 0
    segment_count: 0
    segment_number: 0
  contents: Other
- header:
    rpg_unknown: "bytes::<12>::sha256:15ec7bf0b50732b49f8228e07d24365338f9e3ab994b00af08e5a3bffe55fd8b"
    segment_size: 0
    redundant_channel: 0
    message_type: 0
    sequence_number: 0
    date: 0
    time: 0
    segment_count: 0
    segment_number: 0
  contents: Other
- header:
    rpg_unknown: "bytes::<12>::sha256:15ec7bf0b50732b49f8228e07d24365338f9e3ab994b00af08e5a3bffe55fd8b"
    segment_size: 0
    redundant_channel: 0
    message_type: 0
    sequence_number: 0
    date: 0
    time: 0
    segment_count: 0
    segment_number: 0
  contents: Other
- header:
    rpg_unknown: "bytes::<12>::sha256:15ec7bf0b50732b49f8228e07d24365338f9e3ab994b00af08e5a3bffe55fd8b"
    segment_size: 0
    redundant_channel: 0
    message_type: 0
    sequence_number: 0
    date: 0
    time: 0
    segment_count: 0
    segment_number: 0
  contents: Other
- header:
    rpg_unknown: "bytes::<12>::sha256:15ec7bf0b50732b49f8228e07d24365338f9e3ab994b00af08e5a3bffe55fd8b"
    segment_size: 0
    redundant_channel: 0
    message_type: 0
    sequence_number: 0
    date: 0
    time: 0
    segment_count: 0
    segment_number: 0
  contents: Other
- header:
    rpg_unknown: "bytes::<12>::sha256:15ec7bf0b50732b49f8228e07d24365338f9e3ab994b00af08e5a3bffe55fd8b"
    segment_size: 0
    redundant_channel: 0
    message_type: 0
    sequence_number: 0
    date: 0
    time: 0
    segment_count: 0
    segment_number: 0
  contents: Other
- header:
    rpg_unknown: "bytes::<12>::sha256:15ec7bf0b50732b49f8228e07d24365338f9e3ab994b00af08e5a3bffe55fd8b"
    segment_size: 0
    redundant_channel: 0
    message_type: 0
    sequence_number: 0
    date: 0
    time: 0
    segment_count: 0
    segment_number: 0
  contents: Other
- header:
    rpg_unknown: "bytes::<12>::sha256:15ec7bf0b50732b49f8228e07d24365338f9e3ab994b00af08e5a3bffe55fd8b"
    segment_size: 0
    redundant_channel: 0
    message_type: 0
    sequence_number: 0
    date: 0
    time: 0
    segment_count: 0
    segment_number: 0
  contents: Other
- header:
    rpg_unknown: "bytes::<12>::sha256:15ec7bf0b50732b49f8228e07d24365338f9e3ab994b00af08e5a3bffe55fd8b"
    segment_size: 0
    redundant_channel: 0
    message_type: 0
    sequence_number: 0
    date: 0
    time: 0
    segment_count: 0
    segment_number: 0
  contents: Other
- header:
    rpg_unknown: "bytes::<12>::sha256:15ec7bf0b50732b49f8228e07d24365338f9e3ab994b00af08e5a3bffe55fd8b"
    segment_size: 0
    redundant_channel: 0
    message_type: 0
    sequence_number: 0
    date: 0
    time: 0
    segment_count: 0
    segment_number: 0
  contents: Other
- header:
    rpg_unknown: "bytes::<12>::sha256:15ec7bf0b50732b49f8228e07d24365338f9e3ab994b00af08e5a3bffe55fd8b"
    segment_size: 0
    redundant_channel: 0
    message_type: 0
    sequence_number: 0
    date: 0
    time: 0
    segment_count: 0
    segment_number: 0
  contents: Other
- header:
    rpg_unknown: "bytes::<12>::sha256:15ec7bf0b50732b49f8228e07d24365338f9e3ab994b00af08e5a3bffe55fd8b"
    segment_size: 0
    redundant_channel: 0
    message_type: 0
    sequence_number: 0
    date: 0
    time: 0
    segment_count: 0
    segment_number: 0
  contents: Other
- header:
    rpg_unknown: "bytes::<12>::sha256:15ec7bf0b50732b49f8228e07d24365338f9e3ab994b00af08e5a3bffe55fd8b"
    segment_size: 0
    redundant_channel: 0
    message_type: 0
    sequence_number: 0
    date: 0
    time: 0
    segment_count: 0
    segment_number: 0
  contents: Other
- header:
    rpg_unknown: "bytes::<12>::sha256:15ec7bf0b50732b49f8228e07d24365338f9e3ab994b00af08e5a3bffe55fd8b"
    segment_size: 0
    redundant_channel: 0
    message_type: 0
    sequence_number: 0
    date: 0
    time: 0
    segment_count: 0
    segment_number: 0
  contents: Other
- header:
    rpg_unknown: "bytes::<12>::sha256:15ec7bf0b50732b49f8228e07d24365338f9e3ab994b00af08e5a3bffe55fd8b"
    segment_size: 0
    redundant_channel: 0
    message_type: 0
    sequence_number: 0
    date: 0
    time: 0
    segment_count: 0
    segment_number: 0
  contents: Other
- header:
    rpg_unknown: "bytes::<12>::sha256:15ec7bf0b50732b49f8228e07d24365338f9e3ab994b00af08e5a3bffe55fd8b"
    segment_size: 0
    redundant_channel: 0
    message_type: 0
    sequence_number: 0
    date: 0
    time: 0
    segment_count: 0
    segment_number: 0
  contents: Other
- header:
    rpg_unknown: "bytes::<12>::sha256:15ec7bf0b50732b49f8228e07d24365338f9e3ab994b00af08e5a3bffe55fd8b"
    segment_size: 0
    redundant_channel: 0
    message_type: 0
    sequence_number: 0
    date: 0
    time: 0
    segment_count: 0
    segment_number: 0
  contents: Other
- header:
    rpg_unknown: "bytes::<12>::sha256:15ec7bf0b50732b49f8228e07d24365338f9e3ab994b00af08e5a3bffe55fd8b"
    segment_size: 0
    redundant_channel: 0
    message_type: 0
    sequence_number: 0
    date: 0
    time: 0
    segment_count: 0
    segment_number: 0
  contents: Other
- header:
    rpg_unknown: "bytes::<12>::sha256:15ec7bf0b50732b49f8228e07d24365338f9e3ab994b00af08e5a3bffe55fd8b"
    segment_size: 0
    redundant_channel: 0
    message_type: 0
    sequence_number: 0
    date: 0
    time: 0
    segment_count: 0
    segment_number: 0
  contents: Other
- header:
    rpg_unknown: "bytes::<12>::sha256:15ec7bf0b50732b49f8228e07d24365338f9e3ab994b00af08e5a3bffe55fd8b"
    segment_size: 0
    redundant_channel: 0
    message_type: 0
    sequence_number: 0
    date: 0
    time: 0
    segment_count: 0
    segment_number: 0
  contents: Other
- header:
    rpg_unknown: "bytes::<12>::sha256:15ec7bf0b50732b49f8228e07d24365338f9e3ab994b00af08e5a3bffe55fd8b"
    segment_size: 0
    redundant_channel: 0
    message_type: 0
    sequence_number: 0
    date: 0
    time: 0
    segment_count: 0
    segment_number: 0
  contents: Other
- header:
    rpg_unknown: "bytes::<12>::sha256:15ec7bf0b50732b49f8228e07d24365338f9e3ab994b00af08e5a3bffe55fd8b"
    segment_size: 0
    redundant_channel: 0
    message_type: 0
    sequence_number: 0
    date: 0
    time: 0
    segment_count: 0
    segment_number: 0
  contents: Other
- header:
    rpg_unknown: "bytes::<12>::sha256:15ec7bf0b50732b49f8228e07d24365338f9e3ab994b00af08e5a3bffe55fd8b"
    segment_size: 0
    redundant_channel: 0
    message_type: 0
    sequence_number: 0
    date: 0
    time: 0
    segment_count: 0
    segment_number: 0
  contents: Other
- header:
    rpg_unknown: "bytes::<12>::sha256:15ec7bf0b50732b49f8228e07d24365338f9e3ab994b00af08e5a3bffe55fd8b"
    segment_size: 0
    redundant_channel: 0
    message_type: 0
    sequence_number: 0
    date: 0
    time: 0
    segment_count: 0
    segment_number: 0
  contents: Other
- header:
    rpg_unknown: "bytes::<12>::sha256:15ec7bf0b50732b49f8228e07d24365338f9e3ab994b00af08e5a3bffe55fd8b"
    segment_size: 0
    redundant_channel: 0
    message_type: 0
    sequence_number: 0
    date: 0
    time: 0
    segment_count: 0
    segment_number: 0
  contents: Other
- header:
    rpg_unknown: "bytes::<12>::sha256:15ec7bf0b50732b49f8228e07d24365338f9e3ab994b00af08e5a3bffe55fd8b"
    segment_size: 0
    redundant_channel: 0
    message_type: 0
    sequence_number: 0
    date: 0
    time: 0
    segment_count: 0
    segment_number: 0
  contents: Other
- header:
    rpg_unknown: "bytes::<12>::sha256:15ec7bf0b50732b49f8228e07d24365338f9e3ab994b00af08e5a3bffe55fd8b"
    segment_size: 0
    redundant_channel: 0
    message_type: 0
    sequence_number: 0
    date: 0
    time: 0
    segment_count: 0
    segment_number: 0
  contents: Other
- header:
    rpg_unknown: "bytes::<12>::sha256:15ec7bf0b50732b49f8228e07d24365338f9e3ab994b00af08e5a3bffe55fd8b"
    segment_size: 0
    redundant_channel: 0
    message_type: 0
    sequence_number: 0
    date: 0
    time: 0
    segment_count: 0
    segment_number: 0
  contents: Other
- header:
    rpg_unknown: "bytes::<12>::sha256:15ec7bf0b50732b49f8228e07d24365338f9e3ab994b00af08e5a3bffe55fd8b"
    segment_size: 0
    redundant_channel: 0
    message_type: 0
    sequence_number: 0
    date: 0
    time: 0
    segment_count: 0
    segment_number: 0
  contents: Other
- header:
    rpg_unknown: "bytes::<12>::sha256:15ec7bf0b50732b49f8228e07d24365338f9e3ab994b00af08e5a3bffe55fd8b"
    segment_size: 0
    redundant_channel: 0
    message_type: 0
    sequence_number: 0
    date: 0
    time: 0
    segment_count: 0
    segment_number: 0
  contents: Other
- header:
    rpg_unknown: "bytes::<12>::sha256:15ec7bf0b50732b49f8228e07d24365338f9e3ab994b00af08e5a3bffe55fd8b"
    segment_size: 0
    redundant_channel: 0
    message_type: 0
    sequence_number: 0
    date: 0
    time: 0
    segment_count: 0
    segment_number: 0
  contents: Other
- header:
    rpg_unknown: "bytes::<12>::sha256:15ec7bf0b50732b49f8228e07d24365338f9e3ab994b00af08e5a3bffe55fd8b"
    segment_size: 0
    redundant_channel: 0
    message_type: 0
    sequence_number: 0
    date: 0
    time: 0
    segment_count: 0
    segment_number: 0
  contents: Other
- header:
    rpg_unknown: "bytes::<12>::sha256:15ec7bf0b50732b49f8228e07d24365338f9e3ab994b00af08e5a3bffe55fd8b"
    segment_size: 0
    redundant_channel: 0
    message_type: 0
    sequence_number: 0
    date: 0
    time: 0
    segment_count: 0
    segment_number: 0
  contents: Other
- header:
    rpg_unknown: "bytes::<12>::sha256:15ec7bf0b50732b49f8228e07d24365338f9e3ab994b00af08e5a3bffe55fd8b"
    segment_size: 0
    redundant_channel: 0
    message_type: 0
    sequence_number: 0
    date: 0
    time: 0
    segment_count: 0
    segment_number: 0
  contents: Other
- header:
    rpg_unknown: "bytes::<12>::sha256:15ec7bf0b50732b49f8228e07d24365338f9e3ab994b00af08e5a3bffe55fd8b"
    segment_size: 0
    redundant_channel: 0
    message_type: 0
    sequence_number: 0
    date: 0
    time: 0
    segment_count: 0
    segment_number: 0
  contents: Other
- header:
    rpg_unknown: "bytes::<12>::sha256:15ec7bf0b50732b49f8228e07d24365338f9e3ab994b00af08e5a3bffe55fd8b"
    segment_size: 0
    redundant_channel: 0
    message_type: 0
    sequence_number: 0
    date: 0
    time: 0
    segment_count: 0
    segment_number: 0
  contents: Other
- header:
    rpg_unknown: "bytes::<12>::sha256:15ec7bf0b50732b49f8228e07d24365338f9e3ab994b00af08e5a3bffe55fd8b"
    segment_size: 0
    redundant_channel: 0
    message_type: 0
    sequence_number: 0
    date: 0
    time: 0
    segment_count: 0
    segment_number: 0
  contents: Other
- header:
    rpg_unknown: "bytes::<12>::sha256:15ec7bf0b50732b49f8228e07d24365338f9e3ab994b00af08e5a3bffe55fd8b"
    segment_size: 0
    redundant_channel: 0
    message_type: 0
    sequence_number: 0
    date: 0
    time: 0
    segment_count: 0
    segment_number: 0
  contents: Other
- header:
    rpg_unknown: "bytes::<12>::sha256:15ec7bf0b50732b49f8228e07d24365338f9e3ab994b00af08e5a3bffe55fd8b"
    segment_size: 0
    redundant_channel: 0
    message_type: 0
    sequence_number: 0
    date: 0
    time: 0
    segment_count: 0
    segment_number: 0
  contents: Other
- header:
    rpg_unknown: "bytes::<12>::sha256:15ec7bf0b50732b49f8228e07d24365338f9e3ab994b00af08e5a3bffe55fd8b"
    segment_size: 0
    redundant_channel: 0
    message_type: 0
    sequence_number: 0
    date: 0
    time: 0
    segment_count: 0
    segment_number: 0
  contents: Other
- header:
    rpg_unknown: "bytes::<12>::sha256:15ec7bf0b50732b49f8228e07d24365338f9e3ab994b00af08e5a3bffe55fd8b"
    segment_size: 0
    redundant_channel: 0
    message_type: 0
    sequence_number: 0
    date: 0
    time: 0
    segment_count: 0
    segment_number: 0
  contents: Other
- header:
    rpg_unknown: "bytes::<12>::sha256:15ec7bf0b50732b49f8228e07d24365338f9e3ab994b00af08e5a3bffe55fd8b"
    segment_size: 0
    redundant_channel: 0
    message_type: 0
    sequence_number: 0
    date: 0
    time: 0
    segment_count: 0
    segment_number: 0
  contents: Other
- header:
    rpg_unknown: "bytes::<12>::sha256:15ec7bf0b50732b49f8228e07d24365338f9e3ab994b00af08e5a3bffe55fd8b"
    segment_size: 0
    redundant_channel: 0
    message_type: 0
    sequence_number: 0
    date: 0
    time: 0
    segment_count: 0
    segment_number: 0
  contents: Other
- header:
    rpg_unknown: "bytes::<12>::sha256:15ec7bf0b50732b49f8228e07d24365338f9e3ab994b00af08e5a3bffe55fd8b"
    segment_size: 0
    redundant_channel: 0
    message_type: 0
    sequence_number: 0
    date: 0
    time: 0
    segment_count: 0
    segment_number: 0
  contents: Other
- header:
    rpg_unknown: "bytes::<12>::sha256:15ec7bf0b50732b49f8228e07d24365338f9e3ab994b00af08e5a3bffe55fd8b"
    segment_size: 0
    redundant_channel: 0
    message_type: 0
    sequence_number: 0
    date: 0
    time: 0
    segment_count: 0
    segment_number: 0
  contents: Other
- header:
    rpg_unknown: "bytes::<12>::sha256:15ec7bf0b50732b49f8228e07d24365338f9e3ab994b00af08e5a3bffe55fd8b"
    segment_size: 0
    redundant_channel: 0
    message_type: 0
    sequence_number: 0
    date: 0
    time: 0
    segment_count: 0
    segment_number: 0
  contents: Other
- header:
    rpg_unknown: "bytes::<12>::sha256:15ec7bf0b50732b49f8228e07d24365338f9e3ab994b00af08e5a3bffe55fd8b"
    segment_size: 0
    redundant_channel: 0
    message_type: 0
    sequence_number: 0
    date: 0
    time: 0
    segment_count: 0
    segment_number: 0
  contents: Other
- header:
    rpg_unknown: "bytes::<12>::sha256:15ec7bf0b50732b49f8228e07d24365338f9e3ab994b00af08e5a3bffe55fd8b"
    segment_size: 0
    redundant_channel: 0
    message_type: 0
    sequence_number: 0
    date: 0
    time: 0
    segment_count: 0
    segment_number: 0
  contents: Other
- header:
    rpg_unknown: "bytes::<12>::sha256:15ec7bf0b50732b49f8228e07d24365338f9e3ab994b00af08e5a3bffe55fd8b"
    segment_size: 0
    redundant_channel: 0
    message_type: 0
    sequence_number: 0
    date: 0
    time: 0
    segment_count: 0
    segment_number: 0
  contents: Other
- header:
    rpg_unknown: "bytes::<12>::sha256:15ec7bf0b50732b49f8228e07d24365338f9e3ab994b00af08e5a3bffe55fd8b"
    segment_size: 0
    redundant_channel: 0
    message_type: 0
    sequence_number: 0
    date: 0
    time: 0
    segment_count: 0
    segment_number: 0
  contents: Other
- header:
    rpg_unknown: "bytes::<12>::sha256:15ec7bf0b50732b49f8228e07d24365338f9e3ab994b00af08e5a3bffe55fd8b"
    segment_size: 0
    redundant_channel: 0
    message_type: 0
    sequence_number: 0
    date: 0
    time: 0
    segment_count: 0
    segment_number: 0
  contents: Other
- header:
    rpg_unknown: "bytes::<12>::sha256:15ec7bf0b50732b49f8228e07d24365338f9e3ab994b00af08e5a3bffe55fd8b"
    segment_size: 0
    redundant_channel: 0
    message_type: 0
    sequence_number: 0
    date: 0
    time: 0
    segment_count: 0
    segment_number: 0
  contents: Other
- header:
    rpg_unknown: "bytes::<12>::sha256:15ec7bf0b50732b49f8228e07d24365338f9e3ab994b00af08e5a3bffe55fd8b"
    segment_size: 0
    redundant_channel: 0
    message_type: 0
    sequence_number: 0
    date: 0
    time: 0
    segment_count: 0
    segment_number: 0
  contents: Other
- header:
    rpg_unknown: "bytes::<12>::sha256:15ec7bf0b50732b49f8228e07d24365338f9e3ab994b00af08e5a3bffe55fd8b"
    segment_size: 0
    redundant_channel: 0
    message_type: 0
    sequence_number: 0
    date: 0
    time: 0
    segment_count: 0
    segment_number: 0
  contents: Other
- header:
    rpg_unknown: "bytes::<12>::sha256:15ec7bf0b50732b49f8228e07d24365338f9e3ab994b00af08e5a3bffe55fd8b"
    segment_size: 0
    redundant_channel: 0
    message_type: 0
    sequence_number: 0
    date: 0
    time: 0
    segment_count: 0
    segment_number: 0
  contents: Other
- header:
    rpg_unknown: "bytes::<12>::sha256:15ec7bf0b50732b49f8228e07d24365338f9e3ab994b00af08e5a3bffe55fd8b"
    segment_size: 0
    redundant_channel: 0
    message_type: 0
    sequence_number: 0
    date: 0
    time: 0
    segment_count: 0
    segment_number: 0
  contents: Other
- header:
    rpg_unknown: "bytes::<12>::sha256:15ec7bf0b50732b49f8228e07d24365338f9e3ab994b00af08e5a3bffe55fd8b"
    segment_size: 0
    redundant_channel: 0
    message_type: 0
    sequence_number: 0
    date: 0
    time: 0
    segment_count: 0
    segment_number: 0
  contents: Other
- header:
    rpg_unknown: "bytes::<12>::sha256:15ec7bf0b50732b49f8228e07d24365338f9e3ab994b00af08e5a3bffe55fd8b"
    segment_size: 0
    redundant_channel: 0
    message_type: 0
    sequence_number: 0
    date: 0
    time: 0
    segment_count: 0
    segment_number: 0
  contents: Other
- header:
    rpg_unknown: "bytes::<12>::sha256:15ec7bf0b50732b49f8228e07d24365338f9e3ab994b00af08e5a3bffe55fd8b"
    segment_size: 0
    redundant_channel: 0
    message_type: 0
    sequence_number: 0
    date: 0
    time: 0
    segment_count: 0
    segment_number: 0
  contents: Other
- header:
    rpg_unknown: "bytes::<12>::sha256:15ec7bf0b50732b49f8228e07d24365338f9e3ab994b00af08e5a3bffe55fd8b"
    segment_size: 0
    redundant_channel: 0
    message_type: 0
    sequence_number: 0
    date: 0
    time: 0
    segment_count: 0
    segment_number: 0
  contents: Other
- header:
    rpg_unknown: "bytes::<12>::sha256:15ec7bf0b50732b49f8228e07d24365338f9e3ab994b00af08e5a3bffe55fd8b"
    segment_size: 0
    redundant_channel: 0
    message_type: 0
    sequence_number: 0
    date: 0
    time: 0
    segment_count: 0
    segment_number: 0
  contents: Other
- header:
    rpg_unknown: "bytes::<12>::sha256:15ec7bf0b50732b49f8228e07d24365338f9e3ab994b00af08e5a3bffe55fd8b"
    segment_size: 0
    redundant_channel: 0
    message_type: 0
    sequence_number: 0
    date: 0
    time: 0
    segment_count: 0
    segment_number: 0
  contents: Other
- header:
    rpg_unknown: "bytes::<12>::sha256:15ec7bf0b50732b49f8228e07d24365338f9e3ab994b00af08e5a3bffe55fd8b"
    segment_size: 0
    redundant_channel: 0
    message_type: 0
    sequence_number: 0
    date: 0
    time: 0
    segment_count: 0
    segment_number: 0
  contents: Other
- header:
    rpg_unknown: "bytes::<12>::sha256:15ec7bf0b50732b49f8228e07d24365338f9e3ab994b00af08e5a3bffe55fd8b"
    segment_size: 0
    redundant_channel: 0
    message_type: 0
    sequence_number: 0
    date: 0
    time: 0
    segment_count: 0
    segment_number: 0
  contents: Other
- header:
    rpg_unknown: "bytes::<12>::sha256:15ec7bf0b50732b49f8228e07d24365338f9e3ab994b00af08e5a3bffe55fd8b"
    segment_size: 0
    redundant_channel: 0
    message_type: 0
    sequence_number: 0
    date: 0
    time: 0
    segment_count: 0
    segment_number: 0
  contents: Other
- header:
    rpg_unknown: "bytes::<12>::sha256:15ec7bf0b50732b49f8228e07d24365338f9e3ab994b00af08e5a3bffe55fd8b"
    segment_size: 0
    redundant_channel: 0
    message_type: 0
    sequence_number: 0
    date: 0
    time: 0
    segment_count: 0
    segment_number: 0
  contents: Other
- header:
    rpg_unknown: "bytes::<12>::sha256:15ec7bf0b50732b49f8228e07d24365338f9e3ab994b00af08e5a3bffe55fd8b"
    segment_size: 0
    redundant_channel: 0
    message_type: 0
    sequence_number: 0
    date: 0
    time: 0
    segment_count: 0
    segment_number: 0
  contents: Other
- header:
    rpg_unknown: "bytes::<12>::sha256:15ec7bf0b50732b49f8228e07d24365338f9e3ab994b00af08e5a3bffe55fd8b"
    segment_size: 0
    redundant_channel: 0
    message_type: 0
    sequence_number: 0
    date: 0
    time: 0
    segment_count: 0
    segment_number: 0
  contents: Other
- header:
    rpg_unknown: "bytes::<12>::sha256:15ec7bf0b50732b49f8228e07d24365338f9e3ab994b00af08e5a3bffe55fd8b"
    segment_size: 0
    redundant_channel: 0
    message_type: 0
    sequence_number: 0
    date: 0
    time: 0
    segment_count: 0
    segment_number: 0
  contents: Other
- header:
    rpg_unknown: "bytes::<12>::sha256:15ec7bf0b50732b49f8228e07d24365338f9e3ab994b00af08e5a3bffe55fd8b"
    segment_size: 0
    redundant_channel: 0
    message_type: 0
    sequence_number: 0
    date: 0
    time: 0
    segment_count: 0
    segment_number: 0
  contents: Other
- header:
    rpg_unknown: "bytes::<12>::sha256:15ec7bf0b50732b49f8228e07d24365338f9e3ab994b00af08e5a3bffe55fd8b"
    segment_size: 0
    redundant_channel: 0
    message_type: 0
    sequence_number: 0
    date: 0
    time: 0
    segment_count: 0
    segment_number: 0
  contents: Other
- header:
    rpg_unknown: "bytes::<12>::sha256:15ec7bf0b50732b49f8228e07d24365338f9e3ab994b00af08e5a3bffe55fd8b"
    segment_size: 0
    redundant_channel: 0
    message_type: 0
    sequence_number: 0
    date: 0
    time: 0
    segment_count: 0
    segment_number: 0
  contents: Other
- header:
    rpg_unknown: "bytes::<12>::sha256:15ec7bf0b50732b49f8228e07d24365338f9e3ab994b00af08e5a3bffe55fd8b"
    segment_size: 0
    redundant_channel: 0
    message_type: 0
    sequence_number: 0
    date: 0
    time: 0
    segment_count: 0
    segment_number: 0
  contents: Other
- header:
    rpg_unknown: "bytes::<12>::sha256:15ec7bf0b50732b49f8228e07d24365338f9e3ab994b00af08e5a3bffe55fd8b"
    segment_size: 0
    redundant_channel: 0
    message_type: 0
    sequence_number: 0
    date: 0
    time: 0
    segment_count: 0
    segment_number: 0
  contents: Other
- header:
    rpg_unknown: "bytes::<12>::sha256:15ec7bf0b50732b49f8228e07d24365338f9e3ab994b00af08e5a3bffe55fd8b"
    segment_size: 0
    redundant_channel: 0
    message_type: 0
    sequence_number: 0
    date: 0
    time: 0
    segment_count: 0
    segment_number: 0
  contents: Other
- header:
    rpg_unknown: "bytes::<12>::sha256:15ec7bf0b50732b49f8228e07d24365338f9e3ab994b00af08e5a3bffe55fd8b"
    segment_size: 0
    redundant_channel: 0
    message_type: 0
    sequence_number: 0
    date: 0
    time: 0
    segment_count: 0
    segment_number: 0
  contents: Other
- header:
    rpg_unknown: "bytes::<12>::sha256:15ec7bf0b50732b49f8228e07d24365338f9e3ab994b00af08e5a3bffe55fd8b"
    segment_size: 0
    redundant_channel: 0
    message_type: 0
    sequence_number: 0
    date: 0
    time: 0
    segment_count: 0
    segment_number: 0
  contents: Other
- header:
    rpg_unknown: "bytes::<12>::sha256:15ec7bf0b50732b49f8228e07d24365338f9e3ab994b00af08e5a3bffe55fd8b"
    segment_size: 0
    redundant_channel: 0
    message_type: 0
    sequence_number: 0
    date: 0
    time: 0
    segment_count: 0
    segment_number: 0
  contents: Other
- header:
    rpg_unknown: "bytes::<12>::sha256:15ec7bf0b50732b49f8228e07d24365338f9e3ab994b00af08e5a3bffe55fd8b"
    segment_size: 0
    redundant_channel: 0
    message_type: 0
    sequence_number: 0
    date: 0
    time: 0
    segment_count: 0
    segment_number: 0
  contents: Other
- header:
    rpg_unknown: "bytes::<12>::sha256:15ec7bf0b50732b49f8228e07d24365338f9e3ab994b00af08e5a3bffe55fd8b"
    segment_size: 0
    redundant_channel: 0
    message_type: 0
    sequence_number: 0
    date: 0
    time: 0
    segment_count: 0
    segment_number: 0
  contents: Other
- header:
    rpg_unknown: "bytes::<12>::sha256:15ec7bf0b50732b49f8228e07d24365338f9e3ab994b00af08e5a3bffe55fd8b"
    segment_size: 0
    redundant_channel: 0
    message_type: 0
    sequence_number: 0
    date: 0
    time: 0
    segment_count: 0
    segment_number: 0
  contents: Other
- header:
    rpg_unknown: "bytes::<12>::sha256:15ec7bf0b50732b49f8228e07d24365338f9e3ab994b00af08e5a3bffe55fd8b"
    segment_size: 0
    redundant_channel: 0
    message_type: 0
    sequence_number: 0
    date: 0
    time: 0
    segment_count: 0
    segment_number: 0
  contents: Other
- header:
    rpg_unknown: "bytes::<12>::sha256:15ec7bf0b50732b49f8228e07d24365338f9e3ab994b00af08e5a3bffe55fd8b"
    segment_size: 0
    redundant_channel: 0
    message_type: 0
    sequence_number: 0
    date: 0
    time: 0
    segment_count: 0
    segment_number: 0
  contents: Other
- header:
    rpg_unknown: "bytes::<12>::sha256:15ec7bf0b50732b49f8228e07d24365338f9e3ab994b00af08e5a3bffe55fd8b"
    segment_size: 0
    redundant_channel: 0
    message_type: 0
    sequence_number: 0
    date: 0
    time: 0
    segment_count: 0
    segment_number: 0
  contents: Other
- header:
    rpg_unknown: "bytes::<12>::sha256:15ec7bf0b50732b49f8228e07d24365338f9e3ab994b00af08e5a3bffe55fd8b"
    segment_size: 0
    redundant_channel: 0
    message_type: 0
    sequence_number: 0
    date: 0
    time: 0
    segment_count: 0
    segment_number: 0
  contents: Other
- header:
    rpg_unknown: "bytes::<12>::sha256:15ec7bf0b50732b49f8228e07d24365338f9e3ab994b00af08e5a3bffe55fd8b"
    segment_size: 0
    redundant_channel: 0
    message_type: 0
    sequence_number: 0
    date: 0
    time: 0
    segment_count: 0
    segment_number: 0
  contents: Other
- header:
    rpg_unknown: "bytes::<12>::sha256:15ec7bf0b50732b49f8228e07d24365338f9e3ab994b00af08e5a3bffe55fd8b"
    segment_size: 0
    redundant_channel: 0
    message_type: 0
    sequence_number: 0
    date: 0
    time: 0
    segment_count: 0
    segment_number: 0
  contents: Other
- header:
    rpg_unknown: "bytes::<12>::sha256:15ec7bf0b50732b49f8228e07d24365338f9e3ab994b00af08e5a3bffe55fd8b"
    segment_size: 0
    redundant_channel: 0
    message_type: 0
    sequence_number: 0
    date: 0
    time: 0
    segment_count: 0
    segment_number: 0
  contents: Other
- header:
    rpg_unknown: "bytes::<12>::sha256:15ec7bf0b50732b49f8228e07d24365338f9e3ab994b00af08e5a3bffe55fd8b"
    segment_size: 0
    redundant_channel: 0
    message_type: 0
    sequence_number: 0
    date: 0
    time: 0
    segment_count: 0
    segment_number: 0
  contents: Other
- header:
    rpg_unknown: "bytes::<12>::sha256:15ec7bf0b50732b49f8228e07d24365338f9e3ab994b00af08e5a3bffe55fd8b"
    segment_size: 0
    redundant_channel: 0
    message_type: 0
    sequence_number: 0
    date: 0
    time: 0
    segment_count: 0
    segment_number: 0
  contents: Other
- header:
    rpg_unknown: "bytes::<12>::sha256:15ec7bf0b50732b49f8228e07d24365338f9e3ab994b00af08e5a3bffe55fd8b"
    segment_size: 0
    redundant_channel: 0
    message_type: 0
    sequence_number: 0
    date: 0
    time: 0
    segment_count: 0
    segment_number: 0
  contents: Other
- header:
    rpg_unknown: "bytes::<12>::sha256:15ec7bf0b50732b49f8228e07d24365338f9e3ab994b00af08e5a3bffe55fd8b"
    segment_size: 0
    redundant_channel: 0
    message_type: 0
    sequence_number: 0
    date: 0
    time: 0
    segment_count: 0
    segment_number: 0
  contents: Other
- header:
    rpg_unknown: "bytes::<12>::sha256:15ec7bf0b50732b49f8228e07d24365338f9e3ab994b00af08e5a3bffe55fd8b"
    segment_size: 0
    redundant_channel: 0
    message_type: 0
    sequence_number: 0
    date: 0
    time: 0
    segment_count: 0
    segment_number: 0
  contents: Other
- header:
    rpg_unknown: "bytes::<12>::sha256:15ec7bf0b50732b49f8228e07d24365338f9e3ab994b00af08e5a3bffe55fd8b"
    segment_size: 0
    redundant_channel: 0
    message_type: 0
    sequence_number: 0
    date: 0
    time: 0
    segment_count: 0
    segment_number: 0
  contents: Other
- header:
    rpg_unknown: "bytes::<12>::sha256:15ec7bf0b50732b49f8228e07d24365338f9e3ab994b00af08e5a3bffe55fd8b"
    segment_size: 0
    redundant_channel: 0
    message_type: 0
    sequence_number: 0
    date: 0
    time: 0
    segment_count: 0
    segment_number: 0
  contents: Other
- header:
    rpg_unknown: "bytes::<12>::sha256:15ec7bf0b50732b49f8228e07d24365338f9e3ab994b00af08e5a3bffe55fd8b"
    segment_size: 0
    redundant_channel: 0
    message_type: 0
    sequence_number: 0
    date: 0
    time: 0
    segment_count: 0
    segment_number: 0
  contents: Other
- header:
    rpg_unknown: "bytes::<12>::sha256:15ec7bf0b50732b49f8228e07d24365338f9e3ab994b00af08e5a3bffe55fd8b"
    segment_size: 0
    redundant_channel: 0
    message_type: 0
    sequence_number: 0
    date: 0
    time: 0
    segment_count: 0
    segment_number: 0
  contents: Other
- header:
    rpg_unknown: "bytes::<12>::sha256:15ec7bf0b50732b49f8228e07d24365338f9e3ab994b00af08e5a3bffe55fd8b"
    segment_size: 0
    redundant_channel: 0
    message_type: 0
    sequence_number: 0
    date: 0
    time: 0
    segment_count: 0
    segment_number: 0
  contents: Other
- header:
    rpg_unknown: "bytes::<12>::sha256:15ec7bf0b50732b49f8228e07d24365338f9e3ab994b00af08e5a3bffe55fd8b"
    segment_size: 0
    redundant_channel: 0
    message_type: 0
    sequence_number: 0
    date: 0
    time: 0
    segment_count: 0
    segment_number: 0
  contents: Other
- header:
    rpg_unknown: "bytes::<12>::sha256:15ec7bf0b50732b49f8228e07d24365338f9e3ab994b00af08e5a3bffe55fd8b"
    segment_size: 0
    redundant_channel: 0
    message_type: 0
    sequence_number: 0
    date: 0
    time: 0
    segment_count: 0
    segment_number: 0
  contents: Other
- header:
    rpg_unknown: "bytes::<12>::sha256:15ec7bf0b50732b49f8228e07d24365338f9e3ab994b00af08e5a3bffe55fd8b"
    segment_size: 0
    redundant_channel: 0
    message_type: 0
    sequence_number: 0
    date: 0
    time: 0
    segment_count: 0
    segment_number: 0
  contents: Other
- header:
    rpg_unknown: "bytes::<12>::sha256:15ec7bf0b50732b49f8228e07d24365338f9e3ab994b00af08e5a3bffe55fd8b"
    segment_size: 0
    redundant_channel: 0
    message_type: 0
    sequence_number: 0
    date: 0
    time: 0
    segment_count: 0
    segment_number: 0
  contents: Other
- header:
    rpg_unknown: "bytes::<12>::sha256:15ec7bf0b50732b49f8228e07d24365338f9e3ab994b00af08e5a3bffe55fd8b"
    segment_size: 0
    redundant_channel: 0
    message_type: 0
    sequence_number: 0
    date: 0
    time: 0
    segment_count: 0
    segment_number: 0
  contents: Other
- header:
    rpg_unknown: "bytes::<12>::sha256:15ec7bf0b50732b49f8228e07d24365338f9e3ab994b00af08e5a3bffe55fd8b"
    segment_size: 0
    redundant_channel: 0
    message_type: 0
    sequence_number: 0
    date: 0
    time: 0
    segment_count: 0
    segment_number: 0
  contents: Other
- header:
    rpg_unknown: "bytes::<12>::sha256:15ec7bf0b50732b49f8228e07d24365338f9e3ab994b00af08e5a3bffe55fd8b"
    segment_size: 0
    redundant_channel: 0
    message_type: 0
    sequence_number: 0
    date: 0
    time: 0
    segment_count: 0
    segment_number: 0
  contents: Other
- header:
    rpg_unknown: "bytes::<12>::sha256:15ec7bf0b50732b49f8228e07d24365338f9e3ab994b00af08e5a3bffe55fd8b"
    segment_size: 0
    redundant_channel: 0
    message_type: 0
    sequence_number: 0
    date: 0
    time: 0
    segment_count: 0
    segment_number: 0
  contents: Other
- header:
    rpg_unknown: "bytes::<12>::sha256:15ec7bf0b50732b49f8228e07d24365338f9e3ab994b00af08e5a3bffe55fd8b"
    segment_size: 0
    redundant_channel: 0
    message_type: 0
    sequence_number: 0
    date: 0
    time: 0
    segment_count: 0
    segment_number: 0
  contents: Other
- header:
    rpg_unknown: "bytes::<12>::sha256:15ec7bf0b50732b49f8228e07d24365338f9e3ab994b00af08e5a3bffe55fd8b"
    segment_size: 0
    redundant_channel: 0
    message_type: 0
    sequence_number: 0
    date: 0
    time: 0
    segment_count: 0
    segment_number: 0
  contents: Other
- header:
    rpg_unknown: "bytes::<12>::sha256:15ec7bf0b50732b49f8228e07d24365338f9e3ab994b00af08e5a3bffe55fd8b"
    segment_size: 0
    redundant_channel: 0
    message_type: 0
    sequence_number: 0
    date: 0
    time: 0
    segment_count: 0
    segment_number: 0
  contents: Other
- header:
    rpg_unknown: "bytes::<12>::sha256:15ec7bf0b50732b49f8228e07d24365338f9e3ab994b00af08e5a3bffe55fd8b"
    segment_size: 0
    redundant_channel: 0
    message_type: 0
    sequence_number: 0
    date: 0
    time: 0
    segment_count: 0
    segment_number: 0
  contents: Other
- header:
    rpg_unknown: "bytes::<12>::sha256:15ec7bf0b50732b49f8228e07d24365338f9e3ab994b00af08e5a3bffe55fd8b"
    segment_size: 0
    redundant_channel: 0
    message_type: 0
    sequence_number: 0
    date: 0
    time: 0
    segment_count: 0
    segment_number: 0
  contents: Other
- header:
    rpg_unknown: "bytes::<12>::sha256:15ec7bf0b50732b49f8228e07d24365338f9e3ab994b00af08e5a3bffe55fd8b"
    segment_size: 0
    redundant_channel: 0
    message_type: 0
    sequence_number: 0
    date: 0
    time: 0
    segment_count: 0
    segment_number: 0
  contents: Other
- header:
    rpg_unknown: "bytes::<12>::sha256:15ec7bf0b50732b49f8228e07d24365338f9e3ab994b00af08e5a3bffe55fd8b"
    segment_size: 0
    redundant_channel: 0
    message_type: 0
    sequence_number: 0
    date: 0
    time: 0
    segment_count: 0
    segment_number: 0
  contents: Other
- header:
    rpg_unknown: "bytes::<12>::sha256:15ec7bf0b50732b49f8228e07d24365338f9e3ab994b00af08e5a3bffe55fd8b"
    segment_size: 0
    redundant_channel: 0
    message_type: 0
    sequence_number: 0
    date: 0
    time: 0
    segment_count: 0
    segment_number: 0
  contents: Other
- header:
    rpg_unknown: "bytes::<12>::sha256:15ec7bf0b50732b49f8228e07d24365338f9e3ab994b00af08e5a3bffe55fd8b"
    segment_size: 1208
    redundant_channel: 8
    message_type: 18
    sequence_number: 219
    date: 19041
    time: 55146062
    segment_count: 4
    segment_number: 1
  contents: Other
- header:
    rpg_unknown: "bytes::<12>::sha256:15ec7bf0b50732b49f8228e07d24365338f9e3ab994b00af08e5a3bffe55fd8b"
    segment_size: 1208
    redundant_channel: 8
    message_type: 18
    sequence_number: 219
    date: 19041
    time: 55146062
    segment_count: 4
    segment_number: 2
  contents: Other
- header:
    rpg_unknown: "bytes::<12>::sha256:15ec7bf0b50732b49f8228e07d24365338f9e3ab994b00af08e5a3bffe55fd8b"
    segment_size: 1208
    redundant_channel: 8
    message_type: 18
    sequence_number: 219
    date: 19041
    time: 55146062
    segment_count: 4
    segment_number: 3
  contents: Other
- header:
    rpg_unknown: "bytes::<12>::sha256:15ec7bf0b50732b49f8228e07d24365338f9e3ab994b00af08e5a3bffe55fd8b"
    segment_size: 1142
    redundant_channel: 8
    message_type: 18
    sequence_number: 219
    date: 19041
    time: 55146062
    segment_count: 4
    segment_number: 4
  contents: Other
- header:
    rpg_unknown: "bytes::<12>::sha256:15ec7bf0b50732b49f8228e07d24365338f9e3ab994b00af08e5a3bffe55fd8b"
    segment_size: 0
    redundant_channel: 0
    message_type: 0
    sequence_number: 0
    date: 0
    time: 0
    segment_count: 0
    segment_number: 0
  contents: Other
- header:
    rpg_unknown: "bytes::<12>::sha256:15ec7bf0b50732b49f8228e07d24365338f9e3ab994b00af08e5a3bffe55fd8b"
    segment_size: 488
    redundant_channel: 8
    message_type: 3
    sequence_number: 4107
    date: 19057
    time: 84205395
    segment_count: 1
    segment_number: 1
  contents: Other
- header:
    rpg_unknown: "bytes::<12>::sha256:15ec7bf0b50732b49f8228e07d24365338f9e3ab994b00af08e5a3bffe55fd8b"
    segment_size: 548
    redundant_channel: 8
    message_type: 5
    sequence_number: 4108
    date: 19057
    time: 84205395
    segment_count: 1
    segment_number: 1
  contents:
    VolumeCoveragePattern:
      header:
        message_size: 540
        pattern_type: 2
        pattern_number: 212
        number_of_elevation_cuts: 23
        version: 1
        clutter_map_group_number: 1
        doppler_velocity_resolution: 2
        pulse_width: 2
        reserved_1: 0
        vcp_sequencing: 0
        vcp_supplemental_data: 112
        reserved_2: 0
      elevations:
        - elevation_angle: 88
          channel_configuration: 2
          waveform_type: 1
          super_resolution_control: 11
          surveillance_prf_number: 1
          surveillance_prf_pulse_count_radial: 15
          azimuth_rate: 15400
          reflectivity_threshold: 16
          velocity_threshold: 16
          spectrum_width_threshold: 16
          differential_reflectivity_threshold: 16
          differential_phase_threshold: 16
          correlation_coefficient_threshold: 16
          sector_1_edge_angle: 0
          sector_1_doppler_prf_number: 0
          sector_1_doppler_prf_pulse_count_radial: 0
          supplemental_data: 0
          sector_2_edge_angle: 0
          sector_2_doppler_prf_number: 0
          sector_2_doppler_prf_pulse_count_radial: 0
          ebc_angle: 0
          sector_3_edge_angle: 0
          sector_3_doppler_prf_number: 0
          sector_3_doppler_prf_pulse_count_radial: 0
          reserved: 0
        - elevation_angle: 88
          channel_configuration: 2
          waveform_type: 2
          super_resolution_control: 7
          surveillance_prf_number: 0
          surveillance_prf_pulse_count_radial: 0
          azimuth_rate: 11528
          reflectivity_threshold: 28
          velocity_threshold: 28
          spectrum_width_threshold: 28
          differential_reflectivity_threshold: 28
          differential_phase_threshold: 28
          correlation_coefficient_threshold: 28
          sector_1_edge_angle: 5464
          sector_1_doppler_prf_number: 5
          sector_1_doppler_prf_pulse_count_radial: 64
          supplemental_data: 0
          sector_2_edge_angle: 38232
          sector_2_doppler_prf_number: 5
          sector_2_doppler_prf_pulse_count_radial: 64
          ebc_angle: 0
          sector_3_edge_angle: 60984
          sector_3_doppler_prf_number: 5
          sector_3_doppler_prf_pulse_count_radial: 64
          reserved: 0
        - elevation_angle: 160
          channel_configuration: 2
          waveform_type: 1
          super_resolution_control: 11
          surveillance_prf_number: 1
          surveillance_prf_pulse_count_radial: 15
          azimuth_rate: 15400
          reflectivity_threshold: 16
          velocity_threshold: 16
          spectrum_width_threshold: 16
          differential_reflectivity_threshold: 16
          differential_phase_threshold: 16
          correlation_coefficient_threshold: 16
          sector_1_edge_angle: 0
          sector_1_doppler_prf_number: 0
          sector_1_doppler_prf_pulse_count_radial: 0
          supplemental_data: 0
          sector_2_edge_angle: 0
          sector_2_doppler_prf_number: 0
          sector_2_doppler_prf_pulse_count_radial: 0
          ebc_angle: 0
          sector_3_edge_angle: 0
          sector_3_doppler_prf_number: 0
          sector_3_doppler_prf_pulse_count_radial: 0
          reserved: 0
        - elevation_angle: 160
          channel_configuration: 2
          waveform_type: 2
          super_resolution_control: 7
          surveillance_prf_number: 0
          surveillance_prf_pulse_count_radial: 0
          azimuth_rate: 11528
          reflectivity_threshold: 28
          velocity_threshold: 28
          spectrum_width_threshold: 28
          differential_reflectivity_threshold: 28
          differential_phase_threshold: 28
          correlation_coefficient_threshold: 28
          sector_1_edge_angle: 5464
          sector_1_doppler_prf_number: 5
          sector_1_doppler_prf_pulse_count_radial: 64
          supplemental_data: 0
          sector_2_edge_angle: 38232
          sector_2_doppler_prf_number: 5
          sector_2_doppler_prf_pulse_count_radial: 64
          ebc_angle: 0
          sector_3_edge_angle: 60984
          sector_3_doppler_prf_number: 5
          sector_3_doppler_prf_pulse_count_radial: 64
          reserved: 0
        - elevation_angle: 240
          channel_configuration: 2
          waveform_type: 1
          super_resolution_control: 11
          surveillance_prf_number: 2
          surveillance_prf_pulse_count_radial: 15
          azimuth_rate: 16768
          reflectivity_threshold: 16
          velocity_threshold: 16
          spectrum_width_threshold: 16
          differential_reflectivity_threshold: 16
          differential_phase_threshold: 16
          correlation_coefficient_threshold: 16
          sector_1_edge_angle: 0
          sector_1_doppler_prf_number: 0
          sector_1_doppler_prf_pulse_count_radial: 0
          supplemental_data: 0
          sector_2_edge_angle: 0
          sector_2_doppler_prf_number: 0
          sector_2_doppler_prf_pulse_count_radial: 0
          ebc_angle: 0
          sector_3_edge_angle: 0
          sector_3_doppler_prf_number: 0
          sector_3_doppler_prf_pulse_count_radial: 0
          reserved: 0
        - elevation_angle: 240
          channel_configuration: 2
          waveform_type: 2
          super_resolution_control: 7
          surveillance_prf_number: 0
          surveillance_prf_pulse_count_radial: 0
          azimuth_rate: 11528
          reflectivity_threshold: 28
          velocity_threshold: 28
          spectrum_width_threshold: 28
          differential_reflectivity_threshold: 28
          differential_phase_threshold: 28
          correlation_coefficient_threshold: 28
          sector_1_edge_angle: 5464
          sector_1_doppler_prf_number: 5
          sector_1_doppler_prf_pulse_count_radial: 64
          supplemental_data: 0
          sector_2_edge_angle: 38232
          sector_2_doppler_prf_number: 5
          sector_2_doppler_prf_pulse_count_radial: 64
          ebc_angle: 0
          sector_3_edge_angle: 60984
          sector_3_doppler_prf_number: 5
          sector_3_doppler_prf_pulse_count_radial: 64
          reserved: 0
        - elevation_angle: 328
          channel_configuration: 0
          waveform_type: 4
          super_resolution_control: 14
          surveillance_prf_number: 3
          surveillance_prf_pulse_count_radial: 3
          azimuth_rate: 19216
          reflectivity_threshold: 28
          velocity_threshold: 28
          spectrum_width_threshold: 28
          differential_reflectivity_threshold: 28
          differential_phase_threshold: 28
          correlation_coefficient_threshold: 28
          sector_1_edge_angle: 5464
          sector_1_doppler_prf_number: 5
          sector_1_doppler_prf_pulse_count_radial: 28
          supplemental_data: 0
          sector_2_edge_angle: 38232
          sector_2_doppler_prf_number: 5
          sector_2_doppler_prf_pulse_count_radial: 28
          ebc_angle: 0
          sector_3_edge_angle: 60984
          sector_3_doppler_prf_number: 5
          sector_3_doppler_prf_pulse_count_radial: 28
          reserved: 0
        - elevation_angle: 440
          channel_configuration: 0
          waveform_type: 4
          super_resolution_control: 14
          surveillance_prf_number: 4
          surveillance_prf_pulse_count_radial: 3
          azimuth_rate: 19904
          reflectivity_threshold: 28
          velocity_threshold: 28
          spectrum_width_threshold: 28
          differential_reflectivity_threshold: 28
          differential_phase_threshold: 28
          correlation_coefficient_threshold: 28
          sector_1_edge_angle: 5464
          sector_1_doppler_prf_number: 5
          sector_1_doppler_prf_pulse_count_radial: 28
          supplemental_data: 0
          sector_2_edge_angle: 38232
          sector_2_doppler_prf_number: 5
          sector_2_doppler_prf_pulse_count_radial: 28
          ebc_angle: 0
          sector_3_edge_angle: 60984
          sector_3_doppler_prf_number: 5
          sector_3_doppler_prf_pulse_count_radial: 28
          reserved: 0
        - elevation_angle: 568
          channel_configuration: 0
          waveform_type: 4
          super_resolution_control: 14
          surveillance_prf_number: 5
          surveillance_prf_pulse_count_radial: 3
          azimuth_rate: 20552
          reflectivity_threshold: 28
          velocity_threshold: 28
          spectrum_width_threshold: 28
          differential_reflectivity_threshold: 28
          differential_phase_threshold: 28
          correlation_coefficient_threshold: 28
          sector_1_edge_angle: 5464
          sector_1_doppler_prf_number: 5
          sector_1_doppler_prf_pulse_count_radial: 28
          supplemental_data: 0
          sector_2_edge_angle: 38232
          sector_2_doppler_prf_number: 5
          sector_2_doppler_prf_pulse_count_radial: 28
          ebc_angle: 0
          sector_3_edge_angle: 60984
          sector_3_doppler_prf_number: 5
          sector_3_doppler_prf_pulse_count_radial: 28
          reserved: 0
        - elevation_angle: 728
          channel_configuration: 0
          waveform_type: 4
          super_resolution_control: 14
          surveillance_prf_number: 6
          surveillance_prf_pulse_count_radial: 3
          azimuth_rate: 19224
          reflectivity_threshold: 28
          velocity_threshold: 28
          spectrum_width_threshold: 28
          differential_reflectivity_threshold: 28
          differential_phase_threshold: 28
          correlation_coefficient_threshold: 28
          sector_1_edge_angle: 5464
          sector_1_doppler_prf_number: 5
          sector_1_doppler_prf_pulse_count_radial: 30
          supplemental_data: 0
          sector_2_edge_angle: 38232
          sector_2_doppler_prf_number: 5
          sector_2_doppler_prf_pulse_count_radial: 30
          ebc_angle: 0
          sector_3_edge_angle: 60984
          sector_3_doppler_prf_number: 5
          sector_3_doppler_prf_pulse_count_radial: 30
          reserved: 0
        - elevation_angle: 928
          channel_configuration: 0
          waveform_type: 4
          super_resolution_control: 14
          surveillance_prf_number: 6
          surveillance_prf_pulse_count_radial: 3
          azimuth_rate: 19224
          reflectivity_threshold: 28
          velocity_threshold: 28
          spectrum_width_threshold: 28
          differential_reflectivity_threshold: 28
          differential_phase_threshold: 28
          correlation_coefficient_threshold: 28
          sector_1_edge_angle: 5464
          sector_1_doppler_prf_number: 5
          sector_1_doppler_prf_pulse_count_radial: 31
          supplemental_data: 0
          sector_2_edge_angle: 38232
          sector_2_doppler_prf_number: 5
          sector_2_doppler_prf_pulse_count_radial: 31
          ebc_angle: 0
          sector_3_edge_angle: 60984
          sector_3_doppler_prf_number: 5
          sector_3_doppler_prf_pulse_count_radial: 31
          reserved: 0
        - elevation_angle: 88
          channel_configuration: 2
          waveform_type: 1
          super_resolution_control: 11
          surveillance_prf_number: 1
          surveillance_prf_pulse_count_radial: 15
          azimuth_rate: 15400
          reflectivity_threshold: 16
          velocity_threshold: 16
          spectrum_width_threshold: 16
          differential_reflectivity_threshold: 16
          differential_phase_threshold: 16
          correlation_coefficient_threshold: 16
          sector_1_edge_angle: 0
          sector_1_doppler_prf_number: 0
          sector_1_doppler_prf_pulse_count_radial: 0
          supplemental_data: 48
          sector_2_edge_angle: 0
          sector_2_doppler_prf_number: 0
          sector_2_doppler_prf_pulse_count_radial: 0
          ebc_angle: 0
          sector_3_edge_angle: 0
          sector_3_doppler_prf_number: 0
          sector_3_doppler_prf_pulse_count_radial: 0
          reserved: 0
        - elevation_angle: 88
          channel_configuration: 2
          waveform_type: 2
          super_resolution_control: 7
          surveillance_prf_number: 0
          surveillance_prf_pulse_count_radial: 0
          azimuth_rate: 11528
          reflectivity_threshold: 28
          velocity_threshold: 28
          spectrum_width_threshold: 28
          differential_reflectivity_threshold: 28
          differential_phase_threshold: 28
          correlation_coefficient_threshold: 28
          sector_1_edge_angle: 5464
          sector_1_doppler_prf_number: 5
          sector_1_doppler_prf_pulse_count_radial: 64
          supplemental_data: 48
          sector_2_edge_angle: 38232
          sector_2_doppler_prf_number: 5
          sector_2_doppler_prf_pulse_count_radial: 64
          ebc_angle: 0
          sector_3_edge_angle: 60984
          sector_3_doppler_prf_number: 5
          sector_3_doppler_prf_pulse_count_radial: 64
          reserved: 0
        - elevation_angle: 160
          channel_configuration: 2
          waveform_type: 1
          super_resolution_control: 11
          surveillance_prf_number: 1
          surveillance_prf_pulse_count_radial: 15
          azimuth_rate: 15400
          reflectivity_threshold: 16
          velocity_threshold: 16
          spectrum_width_threshold: 16
          differential_reflectivity_threshold: 16
          differential_phase_threshold: 16
          correlation_coefficient_threshold: 16
          sector_1_edge_angle: 0
          sector_1_doppler_prf_number: 0
          sector_1_doppler_prf_pulse_count_radial: 0
          supplemental_data: 80
          sector_2_edge_angle: 0
          sector_2_doppler_prf_number: 0
          sector_2_doppler_prf_pulse_count_radial: 0
          ebc_angle: 0
          sector_3_edge_angle: 0
          sector_3_doppler_prf_number: 0
          sector_3_doppler_prf_pulse_count_radial: 0
          reserved: 0
        - elevation_angle: 160
          channel_configuration: 2
          waveform_type: 2
          super_resolution_control: 7
          surveillance_prf_number: 0
          surveillance_prf_pulse_count_radial: 0
          azimuth_rate: 11528
          reflectivity_threshold: 28
          velocity_threshold: 28
          spectrum_width_threshold: 28
          differential_reflectivity_threshold: 28
          differential_phase_threshold: 28
          correlation_coefficient_threshold: 28
          sector_1_edge_angle: 5464
          sector_1_doppler_prf_number: 5
          sector_1_doppler_prf_pulse_count_radial: 64
          supplemental_data: 80
          sector_2_edge_angle: 38232
          sector_2_doppler_prf_number: 5
          sector_2_doppler_prf_pulse_count_radial: 64
          ebc_angle: 0
          sector_3_edge_angle: 60984
          sector_3_doppler_prf_number: 5
          sector_3_doppler_prf_pulse_count_radial: 64
          reserved: 0
        - elevation_angle: 240
          channel_configuration: 2
          waveform_type: 1
          super_resolution_control: 11
          surveillance_prf_number: 2
          surveillance_prf_pulse_count_radial: 15
          azimuth_rate: 16768
          reflectivity_threshold: 16
          velocity_threshold: 16
          spectrum_width_threshold: 16
          differential_reflectivity_threshold: 16
          differential_phase_threshold: 16
          correlation_coefficient_threshold: 16
          sector_1_edge_angle: 0
          sector_1_doppler_prf_number: 0
          sector_1_doppler_prf_pulse_count_radial: 0
          supplemental_data: 112
          sector_2_edge_angle: 0
          sector_2_doppler_prf_number: 0
          sector_2_doppler_prf_pulse_count_radial: 0
          ebc_angle: 0
          sector_3_edge_angle: 0
          sector_3_doppler_prf_number: 0
          sector_3_doppler_prf_pulse_count_radial: 0
          reserved: 0
        - elevation_angle: 240
          channel_configuration: 2
          waveform_type: 2
          super_resolution_control: 7
          surveillance_prf_number: 0
          surveillance_prf_pulse_count_radial: 0
          azimuth_rate: 11528
          reflectivity_threshold: 28
          velocity_threshold: 28
          spectrum_width_threshold: 28
          differential_reflectivity_threshold: 28
          differential_phase_threshold: 28
          correlation_coefficient_threshold: 28
          sector_1_edge_angle: 5464
          sector_1_doppler_prf_number: 5
          sector_1_doppler_prf_pulse_count_radial: 64
          supplemental_data: 112
          sector_2_edge_angle: 38232
          sector_2_doppler_prf_number: 5
          sector_2_doppler_prf_pulse_count_radial: 64
          ebc_angle: 0
          sector_3_edge_angle: 60984
          sector_3_doppler_prf_number: 5
          sector_3_doppler_prf_pulse_count_radial: 64
          reserved: 0
        - elevation_angle: 1168
          channel_configuration: 0
          waveform_type: 4
          super_resolution_control: 14
          surveillance_prf_number: 6
          surveillance_prf_pulse_count_radial: 3
          azimuth_rate: 19224
          reflectivity_threshold: 28
          velocity_threshold: 28
          spectrum_width_threshold: 28
          differential_reflectivity_threshold: 28
          differential_phase_threshold: 28
          correlation_coefficient_threshold: 28
          sector_1_edge_angle: 5464
          sector_1_doppler_prf_number: 5
          sector_1_doppler_prf_pulse_count_radial: 31
          supplemental_data: 0
          sector_2_edge_angle: 38232
          sector_2_doppler_prf_number: 5
          sector_2_doppler_prf_pulse_count_radial: 31
          ebc_angle: 0
          sector_3_edge_angle: 60984
          sector_3_doppler_prf_number: 5
          sector_3_doppler_prf_pulse_count_radial: 31
          reserved: 0
        - elevation_angle: 1456
          channel_configuration: 0
          waveform_type: 3
          super_resolution_control: 10
          surveillance_prf_number: 0
          surveillance_prf_pulse_count_radial: 0
          azimuth_rate: 20696
          reflectivity_threshold: 28
          velocity_threshold: 28
          spectrum_width_threshold: 28
          differential_reflectivity_threshold: 28
          differential_phase_threshold: 28
          correlation_coefficient_threshold: 28
          sector_1_edge_angle: 5464
          sector_1_doppler_prf_number: 6
          sector_1_doppler_prf_pulse_count_radial: 38
          supplemental_data: 0
          sector_2_edge_angle: 38232
          sector_2_doppler_prf_number: 6
          sector_2_doppler_prf_pulse_count_radial: 38
          ebc_angle: 0
          sector_3_edge_angle: 60984
          sector_3_doppler_prf_number: 6
          sector_3_doppler_prf_pulse_count_radial: 38
          reserved: 0
        - elevation_angle: 1824
          channel_configuration: 0
          waveform_type: 3
          super_resolution_control: 10
          surveillance_prf_number: 0
          surveillance_prf_pulse_count_radial: 0
          azimuth_rate: 20688
          reflectivity_threshold: 28
          velocity_threshold: 28
          spectrum_width_threshold: 28
          differential_reflectivity_threshold: 28
          differential_phase_threshold: 28
          correlation_coefficient_threshold: 28
          sector_1_edge_angle: 5464
          sector_1_doppler_prf_number: 7
          sector_1_doppler_prf_pulse_count_radial: 41
          supplemental_data: 0
          sector_2_edge_angle: 38232
          sector_2_doppler_prf_number: 7
          sector_2_doppler_prf_pulse_count_radial: 41
          ebc_angle: 0
          sector_3_edge_angle: 60984
          sector_3_doppler_prf_number: 7
          sector_3_doppler_prf_pulse_count_radial: 41
          reserved: 0
        - elevation_angle: 2272
          channel_configuration: 0
          waveform_type: 3
          super_resolution_control: 10
          surveillance_prf_number: 0
          surveillance_prf_pulse_count_radial: 0
          azimuth_rate: 20928
          reflectivity_threshold: 28
          velocity_threshold: 28
          spectrum_width_threshold: 28
          differential_reflectivity_threshold: 28
          differential_phase_threshold: 28
          correlation_coefficient_threshold: 28
          sector_1_edge_angle: 5464
          sector_1_doppler_prf_number: 8
          sector_1_doppler_prf_pulse_count_radial: 44
          supplemental_data: 0
          sector_2_edge_angle: 38232
          sector_2_doppler_prf_number: 8
          sector_2_doppler_prf_pulse_count_radial: 44
          ebc_angle: 0
          sector_3_edge_angle: 60984
          sector_3_doppler_prf_number: 8
          sector_3_doppler_prf_pulse_count_radial: 44
          reserved: 0
        - elevation_angle: 2840
          channel_configuration: 0
          waveform_type: 3
          super_resolution_control: 10
          surveillance_prf_number: 0
          surveillance_prf_pulse_count_radial: 0
          azimuth_rate: 20928
          reflectivity_threshold: 28
          velocity_threshold: 28
          spectrum_width_threshold: 28
          differential_reflectivity_threshold: 28
          differential_phase_threshold: 28
          correlation_coefficient_threshold: 28
          sector_1_edge_angle: 5464
          sector_1_doppler_prf_number: 8
          sector_1_doppler_prf_pulse_count_radial: 44
          supplemental_data: 0
          sector_2_edge_angle: 38232
          sector_2_doppler_prf_number: 8
          sector_2_doppler_prf_pulse_count_radial: 44
          ebc_angle: 0
          sector_3_edge_angle: 60984
          sector_3_doppler_prf_number: 8
          sector_3_doppler_prf_pulse_count_radial: 44
          reserved: 0
        - elevation_angle: 3552
          channel_configuration: 0
          waveform_type: 3
          super_resolution_control: 10
          surveillance_prf_number: 0
          surveillance_prf_pulse_count_radial: 0
          azimuth_rate: 20928
          reflectivity_threshold: 28
          velocity_threshold: 28
          spectrum_width_threshold: 28
          differential_reflectivity_threshold: 28
          differential_phase_threshold: 28
          correlation_coefficient_threshold: 28
          sector_1_edge_angle: 5464
          sector_1_doppler_prf_number: 8
          sector_1_doppler_prf_pulse_count_radial: 44
          supplemental_data: 0
          sector_2_edge_angle: 38232
          sector_2_doppler_prf_number: 8
          sector_2_doppler_prf_pulse_count_radial: 44
          ebc_angle: 16
          sector_3_edge_angle: 60984
          sector_3_doppler_prf_number: 8
          sector_3_doppler_prf_pulse_count_radial: 44
          reserved: 0
- header:
    rpg_unknown: "bytes::<12>::sha256:15ec7bf0b50732b49f8228e07d24365338f9e3ab994b00af08e5a3bffe55fd8b"
    segment_size: 68
    redundant_channel: 8
    message_type: 2
    sequence_number: 4106
    date: 19057
    time: 84205394
    segment_count: 1
    segment_number: 1
  contents:
    RDAStatusData:
      rda_status: 16
      operability_status: 2
      control_status: 4
      auxiliary_power_generator_state: 2
      average_transmitter_power: 1371
      horizontal_reflectivity_calibration_correction: 15
      data_transmission_enabled: 28
      volume_coverage_pattern: 212
      rda_control_authorization: 0
      rda_build_number: 2010
      operational_mode: 4
      super_resolution_status: 2
      clutter_mitigation_decision_status: 63
      rda_scan_and_data_flags: 26
      rda_alarm_summary: 0
      command_acknowledgement: 0
      channel_control_status: 0
      spot_blanking_status: 0
      bypass_map_generation_date: 19057
      bypass_map_generation_time: 1396
      clutter_filter_map_generation_date: 19056
      clutter_filter_map_generation_time: 1232
      vertical_reflectivity_calibration_correction: 24
      transition_power_source_status: 3
      rms_control_status: 0
      performance_check_status: 0
      alarm_codes:
        - 0
        - 0
        - 0
        - 0
        - 0
        - 0
        - 0
        - 0
        - 0
        - 0
        - 0
        - 0
        - 0
        - 0
      signal_processor_options: 1
      spares:
        - 0
        - 0
        - 0
        - 0
        - 0
        - 0
        - 0
        - 0
        - 0
        - 0
        - 0
        - 0
        - 0
        - 0
        - 0
        - 0
        - 0
        - 0
      status_version: 9
