---
source: nexrad-decode/src/messages/performance_maintenance_data/snapshot_test.rs
expression: "messages[0]"
---
Message {
    headers: Single(
        MessageHeader {
            rpg_unknown: BinaryData {
                len: 12,
                sha256: "15ec7bf0b50732b49f8228e07d24365338f9e3ab994b00af08e5a3bffe55fd8b",
                head: [
                    0,
                    0,
                    0,
                    0,
                ],
                tail: [
                    0,
                    0,
                    0,
                    0,
                ],
            },
            segment_size: 488,
            redundant_channel: 8,
            message_type: 3,
            sequence_number: 4107,
            date: 19057,
            time: 84205395,
            segment_count: 1,
            segment_number: 1,
        },
    ),
    contents: PerformanceMaintenanceData(
        Message {
            inner: Message {
                comms_spare_1: 0,
                loop_back_test_status: 0,
                t1_output_frames: 1340801847,
                t1_input_frames: 2165375487,
                router_memory_used: 269758024,
                router_memory_free: 1561473328,
                router_memory_utilization: 15,
                route_to_rpg: 4,
                t1_port_status: 0,
                router_dedicated_ethernet_port_status: 0,
                router_commercial_ethernet_port_status: 0,
                comms_spare_16_20: [
                    0,
                    0,
                    0,
                    0,
                    0,
                ],
                csu_24hr_errored_seconds: 0,
                csu_24hr_severely_errored_seconds: 0,
                csu_24hr_severely_errored_framing_seconds: 0,
                csu_24hr_unavailable_seconds: 0,
                csu_24hr_controlled_slip_seconds: 0,
                csu_24hr_path_coding_violations: 0,
                csu_24hr_line_errored_seconds: 0,
                csu_24hr_bursty_errored_seconds: 0,
                csu_24hr_degraded_minutes: 0,
                comms_spare_39_40: 0,
                lan_switch_cpu_utilization: 1,
                lan_switch_memory_utilization: 48,
                comms_spare_44: 0,
                ifdr_chassis_temperature: 36,
                ifdr_fpga_temperature: 38,
                ntp_status: 0,
                comms_spare_48_52: [
                    0,
                    0,
                    0,
                    0,
                    0,
                ],
                ipc_status: 2,
                commanded_channel_control: 0,
                comms_spare_55_57: [
                    0,
                    0,
                    0,
                ],
                polarization: 1,
                ame_internal_temperature: 24.818026,
                ame_receiver_module_temperature: 32.31603,
                ame_bite_cal_module_temperature: 39.58121,
                ame_peltier_pulse_width_modulation: 14,
                ame_peltier_status: 1,
                ame_ad_converter_status: 0,
                ame_state: 1,
                ame_3_3v_ps_voltage: 3.3085048,
                ame_5v_ps_voltage: 4.96876,
                ame_6_5v_ps_voltage: 6.303369,
                ame_15v_ps_voltage: 14.984923,
                ame_48v_ps_voltage: 46.799717,
                ame_stalo_power: 0.78543633,
                peltier_current: 1.0293413,
                adc_calibration_reference_voltage: 1.797,
                ame_mode: 0,
                ame_peltier_mode: 1,
                ame_peltier_inside_fan_current: 0.07351958,
                ame_peltier_outside_fan_current: 0.33637324,
                horizontal_tr_limiter_voltage: 2.4226916,
                vertical_tr_limiter_voltage: 2.408676,
                adc_calibration_offset_voltage: -0.0020011116,
                adc_calibration_gain_correction: 1.0005559,
                rcp_status: 0,
                rcp_string: [
                    73,
                    82,
                    73,
                    83,
                    0,
                    0,
                    0,
                    0,
                    0,
                    0,
                    0,
                    0,
                    0,
                    0,
                    0,
                    0,
                ],
                spip_power_buttons: 0,
                ame_spare_109_110: [
                    0,
                    0,
                ],
                master_power_administrator_load: 2.09,
                expansion_power_administrator_load: 1.64,
                power_spare_115_136: [
                    0,
                    0,
                    0,
                    0,
                    0,
                    0,
                    0,
                    0,
                    0,
                    0,
                    0,
                    0,
                    0,
                    0,
                    0,
                    0,
                    0,
                    0,
                    0,
                    0,
                    0,
                    0,
                ],
                plus_5_vdc_ps: 0,
                plus_15_vdc_ps: 0,
                plus_28_vdc_ps: 0,
                minus_15_vdc_ps: 0,
                plus_45_vdc_ps: 0,
                filament_ps_voltage: 0,
                vacuum_pump_ps_voltage: 0,
                focus_coil_ps_voltage: 0,
                filament_ps: 0,
                klystron_warmup: 0,
                transmitter_available: 0,
                wg_switch_position: 0,
                wg_pfn_transfer_interlock: 0,
                maintenance_mode: 0,
                maintenance_required: 0,
                pfn_switch_position: 0,
                modulator_overload: 0,
                modulator_inv_current: 0,
                modulator_switch_fail: 0,
                main_power_voltage: 0,
                charging_system_fail: 0,
                inverse_diode_current: 0,
                trigger_amplifier: 0,
                circulator_temperature: 0,
                spectrum_filter_pressure: 0,
                wg_arc_vswr: 0,
                cabinet_interlock: 0,
                cabinet_air_temperature: 0,
                cabinet_airflow: 0,
                klystron_current: 0,
                klystron_filament_current: 0,
                klystron_vacion_current: 0,
                klystron_air_temperature: 0,
                klystron_airflow: 0,
                modulator_switch_maintenance: 0,
                post_charge_regulator_maintenance: 0,
                wg_pressure_humidity: 0,
                transmitter_overvoltage: 0,
                transmitter_overcurrent: 0,
                focus_coil_current: 0,
                focus_coil_airflow: 0,
                oil_temperature: 0,
                prf_limit: 0,
                transmitter_oil_level: 0,
                transmitter_battery_charging: 0,
                high_voltage_status: 0,
                transmitter_recycling_summary: 0,
                transmitter_inoperable: 0,
                transmitter_air_filter: 1,
                zero_test_bits: [
                    0,
                    0,
                    0,
                    0,
                    0,
                    0,
                    0,
                    0,
                ],
                one_test_bits: [
                    1,
                    1,
                    1,
                    1,
                    1,
                    1,
                    1,
                    1,
                ],
                xmtr_spip_interface: 1,
                transmitter_summary_status: 0,
                xmtr_spare_204: 0,
                transmitter_rf_power_sensor: 0.27567,
                horizontal_xmtr_peak_power: 191.59677,
                xmtr_peak_power: 716.13995,
                vertical_xmtr_peak_power: 201.11363,
                xmtr_rf_avg_power: 0.0,
                xmtr_spare_215_216: 0,
                xmtr_recycle_count: 0,
                receiver_bias_measurement: -0.7267685,
                transmit_imbalance: -0.21052971,
                xmtr_power_meter_zero: 2.8333335,
                xmtr_spare_225_228: [
                    0,
                    0,
                    0,
                    0,
                ],
                ac_unit_1_compressor_shut_off: 0,
                ac_unit_2_compressor_shut_off: 0,
                generator_maintenance_required: 1,
                generator_battery_voltage: 1,
                generator_engine: 1,
                generator_volt_frequency: 0,
                power_source: 0,
                transitional_power_source: 0,
                generator_auto_run_off_switch: 1,
                aircraft_hazard_lighting: 1,
                tower_spare_239_249: [
                    0,
                    0,
                    0,
                    0,
                    0,
                    0,
                    0,
                    0,
                    0,
                    0,
                    0,
                ],
                equipment_shelter_fire_detection_system: 0,
                equipment_shelter_fire_smoke: 0,
                generator_shelter_fire_smoke: 1,
                utility_voltage_frequency: 1,
                site_security_alarm: 1,
                security_equipment: 1,
                security_system: 1,
                receiver_connected_to_antenna: 2,
                radome_hatch: 1,
                ac_unit_1_filter_dirty: 1,
                ac_unit_2_filter_dirty: 1,
                equipment_shelter_temperature: 18.400002,
                outside_ambient_temperature: 15.75,
                transmitter_leaving_air_temp: 28.43,
                ac_unit_1_discharge_air_temp: 2.5,
                generator_shelter_temperature: 17.5,
                radome_air_temperature: 15.75,
                ac_unit_2_discharge_air_temp: 20.95,
                spip_15v_ps: 14.636001,
                spip_neg_15v_ps: -14.708001,
                spip_28v_ps_status: 1,
                tower_spare_280: 0,
                spip_5v_ps: 5.1600003,
                converted_generator_fuel_level: 58,
                tower_spare_284_299: [
                    0,
                    0,
                    0,
                    0,
                    0,
                    0,
                    0,
                    0,
                    0,
                    0,
                    0,
                    0,
                    0,
                    0,
                    0,
                    0,
                ],
                elevation_plus_dead_limit: 0,
                plus_150v_overvoltage: 0,
                plus_150v_undervoltage: 0,
                elevation_servo_amp_inhibit: 0,
                elevation_servo_amp_short_circuit: 0,
                elevation_servo_amp_overtemp: 0,
                elevation_motor_overtemp: 0,
                elevation_stow_pin: 0,
                elevation_housing_5v_ps: 0,
                elevation_minus_dead_limit: 0,
                elevation_plus_normal_limit: 0,
                elevation_minus_normal_limit: 0,
                elevation_encoder_light: 0,
                elevation_gearbox_oil: 0,
                elevation_handwheel: 0,
                elevation_amp_ps: 0,
                azimuth_servo_amp_inhibit: 0,
                azimuth_servo_amp_short_circuit: 0,
                azimuth_servo_amp_overtemp: 0,
                azimuth_motor_overtemp: 0,
                azimuth_stow_pin: 0,
                azimuth_housing_5v_ps: 0,
                azimuth_encoder_light: 0,
                azimuth_gearbox_oil: 0,
                azimuth_bull_gear_oil: 0,
                azimuth_handwheel: 0,
                azimuth_servo_amp_ps: 0,
                servo: 0,
                pedestal_interlock_switch: 0,
                pedestal_spare_329_340: [
                    0,
                    0,
                    0,
                    0,
                    0,
                    0,
                    0,
                    0,
                    0,
                    0,
                    0,
                    0,
                ],
                coho_clock: 0,
                rf_generator_frequency_select_oscillator: 0,
                rf_generator_rf_stalo: 0,
                rf_generator_phase_shifted_coho: 0,
                plus_9v_receiver_ps: 0,
                plus_5v_receiver_ps: 0,
                plus_or_minus_18v_receiver_ps: 0,
                minus_9v_receiver_ps: 0,
                plus_5v_single_channel_rdaiu_ps: 0,
                rf_spare_350: 0,
                horizontal_short_pulse_noise: -83.02419,
                horizontal_long_pulse_noise: -86.75361,
                horizontal_noise_temperature: 138.43163,
                vertical_short_pulse_noise: -82.70702,
                vertical_long_pulse_noise: -86.4685,
                vertical_noise_temperature: 144.45256,
                horizontal_linearity: 0.9928208,
                horizontal_dynamic_range: 94.0,
                horizontal_delta_dbz0: 0.1504298,
                vertical_delta_dbz0: 0.24254742,
                kd_peak_measured: -21.700521,
                cal_spare_373_374: 0,
                short_pulse_horizontal_dbz0: -42.71957,
                long_pulse_horizontal_dbz0: -51.945335,
                velocity_processed: 0,
                width_processed: 0,
                velocity_rf_gen: 0,
                width_rf_gen: 0,
                horizontal_i0: -114.6184,
                vertical_i0: -114.57575,
                vertical_dynamic_range: 95.0,
                short_pulse_vertical_dbz0: -42.887455,
                long_pulse_vertical_dbz0: -52.18839,
                cal_spare_393_394: 0,
                cal_spare_395_396: 0,
                horizontal_power_sense: 82.6804,
                vertical_power_sense: 82.89093,
                zdr_offset: -0.8766898,
                cal_spare_403_408: [
                    0,
                    0,
                    0,
                    0,
                    0,
                    0,
                ],
                clutter_suppression_delta: 58.59966,
                clutter_suppression_unfiltered_power: 20.798439,
                clutter_suppression_filtered_power: -37.80122,
                cal_spare_415_416: 0,
                cal_spare_417_418: 0,
                cal_spare_419_422: [
                    0,
                    0,
                    0,
                    0,
                ],
                cal_spare_423_424: 0,
                vertical_linearity: 0.99388605,
                cal_spare_427_430: [
                    0,
                    0,
                    0,
                    0,
                ],
                state_file_read_status: 0,
                state_file_write_status: 0,
                bypass_map_file_read_status: 0,
                bypass_map_file_write_status: 0,
                file_spare_435: 0,
                file_spare_436: 0,
                current_adaptation_file_read_status: 0,
                current_adaptation_file_write_status: 0,
                censor_zone_file_read_status: 0,
                censor_zone_file_write_status: 0,
                remote_vcp_file_read_status: 0,
                remote_vcp_file_write_status: 0,
                baseline_adaptation_file_read_status: 0,
                read_status_of_prf_sets: 7,
                clutter_filter_map_file_read_status: 0,
                clutter_filter_map_file_write_status: 0,
                general_disk_io_error: 0,
                rsp_status: 255,
                cpu_temperatures: 6428,
                rsp_motherboard_power: 65535,
                rsp_spare_451_460: [
                    65535,
                    65535,
                    65535,
                    65535,
                    0,
                    0,
                    0,
                    0,
                    0,
                    0,
                ],
                spip_comm_status: 0,
                hci_comm_status: 0,
                device_spare_463: 0,
                signal_processor_command_status: 0,
                ame_communication_status: 0,
                rms_link_status: 1,
                rpg_link_status: 0,
                interpanel_link_status: 2,
                performance_check_time: 1646533338,
                device_spare_471_479: [
                    0,
                    0,
                    0,
                    0,
                    0,
                    0,
                    0,
                    0,
                    0,
                ],
                version: 23,
            },
        },
    ),
    offset: 0,
    size: 2432,
}
