---
source: nexrad-decode/src/messages/rda_log_data/snapshot_test.rs
expression: "messages[0]"
---
Message {
    headers: Single(
        MessageHeader {
            rpg_unknown: BinaryData {
                len: 12,
                sha256: "15ec7bf0b50732b49f8228e07d24365338f9e3ab994b00af08e5a3bffe55fd8b",
                head: [
                    0,
                    0,
                    0,
                    0,
                ],
                tail: [
                    0,
                    0,
                    0,
                    0,
                ],
            },
            segment_size: 1216,
            redundant_channel: 8,
            message_type: 33,
            sequence_number: 1,
            date: 20089,
            time: 43200000,
            segment_count: 1,
            segment_number: 1,
        },
    ),
    contents: RDALogData(
        Message {
            header: Header {
                version: 1,
                identifier: [
                    84,
                    101,
                    115,
                    116,
                    76,
                    111,
                    103,
                    0,
                    0,
                    0,
                    0,
                    0,
                    0,
                    0,
                    0,
                    0,
                    0,
                    0,
                    0,
                    0,
                    0,
                    0,
                    0,
                    0,
                    0,
                    0,
                ],
                data_version: 1,
                compression_type: 0,
                compressed_size: 16,
                decompressed_size: 16,
                spare: [
                    0,
                    0,
                    0,
                    0,
                    0,
                    0,
                    0,
                    0,
                    0,
                    0,
                    0,
                    0,
                    0,
                    0,
                    0,
                    0,
                    0,
                    0,
                    0,
                    0,
                    0,
                    0,
                ],
            },
            data: [
                78,
                69,
                88,
                82,
                65,
                68,
                32,
                76,
                79,
                71,
                32,
                84,
                69,
                83,
                84,
                10,
            ],
        },
    ),
    offset: 0,
    size: 2432,
}
